X=40$

Y=50$

Z=60$

COMMENT HERE IS SOME COMPLICATED STUFF$

X1=X + Y + 3.14.X + 7.98/Z + (X-Y).(X+Z)$
                                                           0071  0 0000 64 7086
                                                           0072  0 0004 12 6019
                                                           0073  0 0000 64 7087
                                                           0074  0 0004 12 6018
                                                           0075  0 0000 64 7088
                                                           0076  0 0004 12 6017
                                                           0077  0 0000 64 6019
                                                           0078  0 0000 82 7089
                                                           0079  0 0000 02 5019
                                                           0080  0 0000 64 7090
                                                           0081  0 0000 33 0010
                                                           0082  0 0000 83 6017
                                                           0083  0 0000 02 5018
                                                           0084  0 0000 65 6018
                                                           0085  0 0001 30 0091
                                                           0086  0 5240 00 0000
                                                           0087  0 5250 00 0000
                                                           0088  0 5260 00 0000
                                                           0089  0 5131 40 0000
                                                           0090  0 5179 80 0000

X2=X-Y$

X3=X.Y$

X4=X/Z$

STOP$
                                                           0091  0 0000 80 6019
                                                           0092  0 0000 02 5017
                                                           0093  0 0000 64 6017
                                                           0094  0 0000 80 6019
                                                           0095  0 0000 82 5017
                                                           0096  0 0000 80 5018
                                                           0097  0 0000 80 5019
                                                           0098  0 0000 80 6018
                                                           0099  0 0000 80 6019
                                                           0100  0 0004 12 6016
                                                           0101  0 0000 65 6018
                                                           0102  0 0000 80 6019
                                                           0103  0 0004 12 6015
                                                           0104  0 0000 64 6018
                                                           0105  0 0000 82 6019
                                                           0106  0 0004 12 6014
                                                           0107  0 0000 64 6019
                                                           0108  0 0000 33 0010
                                                           0109  0 0000 83 6017
                                                           0110  0 0001 30 0111

FINISH$
                                                           0111  0 0004 12 6013
                                                           0112  0 0000 08 0137
                                                           0113  0 0001 30 0114
