
                                                1000 START            MEASY ASSEMBLER
        1000 0 0140 40 8000        MREAD   140008000 MRD             
        1001 0 5000 64 0000¤                         CAD         5F 5
        1002 0 7000 12 0000¤     1                   STA   GET      7
   1002 1003 0 0000 66 4000        GET          4000 CAA             
        1004 0 5000 12 0000¤                         STA   T0       5
        1005 0 0000 13 0004                        4 SRT             
        1006 0 5000 12 0000¤     2                   STA   T1       5
        1007 0 5000 74 1004¤                         ADD   T0       5
        1008 0 0000 28 5699                     5699 BOF             
        1009 0 6000 20 0000¤                         BUN   TRY      6
        1010 0 5000 64 1006¤       NXT               CAD   T1       5
        1011 0 5000 74 0000¤                         ADD         7F 5
        1012 0 7000 28 0000¤                         BOF         3F 7
        1013 0 0000 72 7003                          LDB   GET      7
        1014 1 0000 64 0001              1         1 CAD             
        1015 0 5000 72 1010¤                         LDB   T1       5
        1016 1 0000 12 0000              1           STA             
   1012 1017 0 0000 64 7003      3                   CAD   GET      7
        1018 0 5000 74 0000¤                         ADD         8F 5
        1019 0 0000 28 7002                          BOF         1B 7
        1020 1 0000 64 0001        FIX   1         1 CAD             
        1021 0 5000 12 1007¤                         STA   T0       5
        1022 0 5000 63 0000¤                         EXT         6F 5
        1023 0 5000 76 1015¤                         ADA   T1       5
        1024 0 0000 13 0009                        9 SRT             
        1025 0 6000 04 0000¤                         CNZ         1F 6
        1026 0 0000 13 0001                        1 SRT             
        1027 0 5000 64 1021¤     3                   CAD   T0       5
        1028 0 0000 14 0010                       10 SLT             
        1029 1 0000 02 0001              1         1 STC             
   1009 1030 0 5000 72 1027¤       TRY               LDB   T0       5
        1031 0 0000 22 6020                          DBB   FIX      6
        1032 0 0000 20 7010                          BUN   NXT      7
   1025 1033 0 5000 02 0000¤     1                   STC   T2       5
        1034 0 0000 14 0006                        6 SLT             
        1035 0 5000 63 0000¤                         EXT         9F 5
        1036 0 5000 74 1033¤                         ADD   T2       5
        1037 0 0000 13 0007                        7 SRT             
        1038 0 0000 20 6027                          BUN         3B 6
        1039 0 0000 08 7555        HLT          7555 HLT             
   1001 1040 0 9000 66 4000      5        9000004000 CAA             
   1022 1041 0 1111 11 0000      6        1111110000                 
   1011 1042 0 9999 99 6000      7        9999996000                 
   1018 1043 0 9000 00 0002      8        9000000002                 
   1035 1044 0 1111 11 1110      9        1111111110                 
   1030 1045 0 0000 35 1039        T0                BT5   HLT       
   1023 1046 0 0000 36 1020        T1                BT6   FIX       
   1036 1047 0 0000 30 1000        T2                CUB   MREAD     
        1048 0 0010 48 0000¤       BEGIN    10000000 CRF   FI        
        1049 0 0030 58 0000¤                30000000 CWF   FO        
        1050 0 0340 50 1000                340001000 MOW             
        1051 0 0000 28 7050                          BOF         1- 7
        1052 0 0000 35 0000¤                         BT5   PROC      
        1053 0 0000 36 8000                     8000 BT6             
        1054 0 5000 20 1052¤                         BUN   PROC     5
   1054 1055 0 0010 44 6005        PROC     10006005 CRD             
        1056 0 0000 26 1600        LOOK         1600 BF6             
        1057 0 0000 64 6012                     6012 CAD             
        1058 0 5000 04 0000¤                         CNZ         1F 5
        1059 0 0000 64 6011        ADDR         6011 CAD             
        1060 0 5000 04 0000¤                         CNZ         2F 5
        1061 0 0000 72 6009                     6009 LDB             
        1062 0 5000 22 0000¤                         DBB         3F 5
        1063 0 0000 73 6012        FLAG         6012 OSD             
        1064 0 0000 38 0000¤                         CCB   STRT      
        1065 0 0000 30 0000¤                         CUB   LOCAT     
   1058 1066 0 5000 74 0000¤     1                   ADD         4F 5
        1067 0 5000 72 0000¤                         LDB         5F 5
        1068 0 0000 30 0000¤                         CUB   TABLE     
   1060 1069 0 0000 30 0000¤     2                   CUB   SYMBL     
   1062 1070 1 0000 30 1064      3       1         1 CUB   FLAG      
   1066 1071 0 0000 00 0007      4                 7                 
   1067 1072 0 0000 30 0000¤     5                   CUB         4F  

                                                  10 START FLAG      
        1073 0 0000 64 6010                     6010 CAD             
        1074 0 7000 20 0000¤                         BUN         2F 7
   1072 1075 0 0000 12 1614      4              1614 STA             
        1076 0 0000 13 0002                        2 SRT             
        1077 0 0000 04 1614                     1614 CNZ             
        1078 0 0000 20 5059                          BUN   ADDR     5
        1079 0 0000 64 6012      3              6012 CAD             
        1080 0 0000 08 8421                     8421 HLT             
        1081 0 0000 12 6012                     6012 STA             
        1082 0 0000 20 5056                          BUN   LOOK     5

                                                  20 START FLAG      
        1083 0 0000 65 6010                     6010 CSU             
   1074 1084 0 0000 74 6021      2              6021 ADD             
        1085 0 0000 74 6013        EQ           6013 ADD             
        1086 0 0000 12 1613                     1613 STA             
        1087 0 0000 20 5063                          BUN   FLAG     5
        1088 0 0000 08 7557                     7557 HLT             
        1089 0 0000 12 1613        CHAIN        1613 STA             
        1090 0 7000 64 0000¤                         CAD         1F 7
        1091 0 0000 12 6019                     6019 STA             
        1092 0 0000 64 6015                     6015 CAD             
        1093 0 0000 13 0003                        3 SRT             
        1094 0 0000 64 6008                     6008 CAD             
        1095 0 0000 14 0003                        3 SLT             
        1096 0 0000 02 1615                     1615 STC             
        1097 0 0000 65 6021                     6021 CSU             
        1098 1 0000 02 2900              1      2900 STC             
        1099 0 0000 12 1608                     1608 STA             
        1100 0 0000 30 1065¤                         CUB   LOCAT     
   1090 1101 0 0400 00 0000      1         400000000                 
        1102 0 0000 65 6012        START        6012 CSU             
        1103 0 0000 12 6012                     6012 STA             
        1104 0 0000 20 5059                          BUN   ADDR     5

                                                  42 START FLAG      
        1105 0 0000 72 6010                     6010 LDB             
        1106 1 0000 64 3900              1      3900 CAD             
        1107 0 0000 30 1085                          CUB   EQ        

                                                  46 START FLAG      
        1109 0 0000 64 6010                     6010 CAD             
        1110 0 7000 74 0000¤                         ADD         1F 7
        1111 0 0000 12 7120                          STA         9& 7
        1112 0 0000 72 7120                          LDB         8& 7
        1113 1 0000 64 2900              1      2900 CAD             
        1114 0 0000 30 1089                          CUB   CHAIN     
   1110 1115 0 0000 00 1050      1              1050                 
   1100 1116 0 0000 64 6017        LOCAT        6017 CAD             
        1117 0 7000 04 0000¤                         CNZ         1F 7
        1118 0 0000 64 6018                     6018 CAD             
        1119 0 7000 04 0000¤                         CNZ         2F 7
        1120 0 0000 64 1613        FINIS        1613 CAD             
        1121 0 0000 13 0004                        4 SRT             
        1122 0 0000 64 1608                     1608 CAD             
        1123 0 0000 30 0000¤                         CUB   FIN1      
   1117 1124 0 7000 72 0000¤     1                   LDB         3F 7
        1125 0 0000 30 1068¤                         CUB   TABLE     
   1119 1126 0 0000 72 6018      2              6018 LDB             
        1127 1 0000 64 3950              1      3950 CAD             
        1128 0 0000 12 6022                     6022 STA             
        1129 0 0000 64 6021                     6021 CAD             
        1130 1 0000 02 3900              1      3900 STC             
        1131 1 0000 12 3950              1      3950 STA             
        1132 0 0000 20 7120                          BUN   FINIS    7
   1124 1133 0 0000 30 0000¤     3                   CUB   A4        
   1069 1134 0 7000 72 0000¤       SYMBL             LDB         1F 7
   1125 1135 0 0000 02 6023        TABLE        6023 STC             
        1136 0 0000 11 0000                          BA              
        1137 0 7000 74 0000¤                         ADD         3F 7
        1138 0 0000 12 0000¤                         STA         9F  
        1139 0 7000 64 0000¤                         CAD         2F 7
        1140 0 0000 60 6023                     6023 MUL             
        1141 0 0000 02 7134                          STC   SYMBL    7
        1142 0 0000 14 0003                        3 SLT             
        1143 0 0000 12 7134                          STA   SYMBL    7
        1144 0 0000 72 7134                          LDB   SYMBL    7
        1145 0 0000 30 0000¤                         CUB   SERCH     
   1134 1146 0 0000 30 1085      1                   CUB   EQ        
   1137 1147 0 0000 30 0004      3                 4 CUB             
   1139 1148 0 1001 00 1001      2        1001001001                 
   1145 1149 1 0000 64 1900        SERCH 1      1900 CAD             
        1150 0 7000 04 0000¤                         CNZ         2F 7
        1151 0 0000 64 6023                     6023 CAD             
        1152 1 0000 02 1900              1      1900 STC             
   1138 1153 0 0000 08 0000      9                   HLT             
        1154 0 0000 00 0999      3               999                 
   1150 1155 0 0000 75 6023      2              6023 SUB             
        1156 0 7000 04 0000¤                         CNZ         2F 7
        1157 1 0000 64 2900              1      2900 CAD             
        1158 0 0000 73 7151                          OSD         7- 7
        1159 0 0000 28 7153                          BOF         9B 7
        1160 0 0000 72 7153                          LDB         9B 7
        1161 1 0000 29 9996              1    299996                 
   1156 1162 0 0000 22 7149      2                   DBB   SERCH    7
        1163 0 0000 72 7154                          LDB         3B 7
        1164 0 0000 20 7149                          BUN   SERCH    7
   1133 1165 0 0000 64 6019        A4           6019 CAD             
        1166 0 7000 74 0000¤                         ADD         3F 7
        1167 0 0000 12 6019                     6019 STA             
        1168 0 0000 30 1120                          CUB   FINIS     
        1169 0 0000 12 6022        A3           6022 STA             
        1170 0 0000 64 6021                     6021 CAD             
        1171 1 0000 12 2900              1      2900 STA             
        1172 0 0000 30 1120                          CUB   FINIS     
   1166 1173 0 0048 54 0303      3          48540303                 
   1123 1174 0 7000 04 0000¤       FIN1              CNZ         1F 7
        1175 0 0000 64 1614      2              1614 CAD             
        1176 0 0000 13 0002                        2 SRT             
        1177 0 0000 64 1615                     1615 CAD             
        1178 0 0000 13 0004                        4 SRT             
        1179 0 0000 64 6016                     6016 CAD             
        1180 0 0000 01 0009                        9 CIRA            
        1181 0 0000 14 0010                       10 SLT             
        1182 0 0000 12 6020                     6020 STA             
        1183 0 0000 30 0000¤                         CUB         2F  
   1174 1184 0 0000 14 0001      1                 1 SLT             
        1185 0 0000 64 6008                     6008 CAD             
        1186 0 0000 13 0001                        1 SRT             
        1187 0 0000 20 7175                          BUN         2B 7
        1188 0 7000 72 0000¤       END               LDB         8F 7
        1189 0 7000 64 0000¤                         CAD         1F 7
        1190 1 0000 02 0000              1           STC             
        1191 0 0000 12 6021                     6021 STA             
        1192 0 1030 54 6005               1030006005 CWR             
        1193 0 0140 50 8000                140008000 MOW             
        1194 0 0040 42 0000                 40000000 MTS             
        1195 0 0000 08 1111                     1111 HLT             
        1196 0 0340 40 1000                340001000 MRD             
        1197 0 0000 28 7196                          BOF         1- 7
        1198 0 0000 30 1045                          CUB   T0        
   1189 1199 0 9999 99 9999      1        9999999999                 
   1183 1200 0 7000 72 1188¤     2                   LDB         8F 7
        1201 1 0000 12 0001              1         1 STA             
        1202 0 0000 64 6022                     6022 CAD             
        1203 0 0000 13 0004                        4 SRT             
        1204 0 0000 66 6021                     6021 CAA             
        1205 0 0000 14 0004                        4 SLT             
   1200 1206 0 9000 12 4000      8        9000004000 STA             
        1207 0 0030 54 6005                 30006005 CWR             
        1208 0 0000 64 6021                     6021 CAD             
        1209 0 7000 74 0000¤                         ADD         1F 7
        1210 0 0000 02 6021                     6021 STC             
        1211 0 0000 12 6022                     6022 STA             
        1212 0 0000 12 6019                     6019 STA             
        1213 0 0000 64 7206                          CAD         8B 7
        1214 0 7000 74 0000¤                         ADD         2F 7
        1215 0 0000 38 0000¤                         CCB         4F  
        1216 0 0000 30 0000¤                         CUB         5F  
   1209 1217 0 0000 00 0001      1                 1                 
   1214 1218 0 9000 00 0002      2        9000000002                 
   1216 1219 0 0140 50 8000      5         140008000 MOW             
        1220 0 7000 64 0000¤                         CAD         1F 7
   1215 1221 0 0000 02 1206      4                   STC         8B  
        1222 0 0000 12 6020                     6020 STA             
        1223 0 0000 20 5055                          BUN   PROC     5
   1064 1224 0 0000 02 7231        STRT              STC         7& 7
        1225 0 0000 12 6021                     6021 STA             
        1226 0 4030 54 6005               4030006005 CWR             
        1227 0 0000 64 1613                     1613 CAD             
        1228 0 0000 12 6021                     6021 STA             
        1229 0 0000 20 5055                          BUN   PROC     5
   1220 1230 0 9000 12 4000      1        9000004000 STA             
   1048 1231 3 3333 33 3333        FI    33333333333                 
        1232 3 3333 33 3333              33333333333                 
        1233 3 3333 33 3333              33333333333                 
        1234 3 3333 33 3333              33333333333                 
        1235 1 1111 11 3333              11111113333                 
        1236 1 1111 11 0111              11111110111                 
        1237 1 1111 11 0111              11111110111                 
        1238 0 2221 33 0111               2221330111                 
        1239 0 0011 00 0000                 11000000                 
        1240 0 2221 00 0000               2221000000                 
        1241 1 1111 00 0000              11111000000                 
        1242 1 1113 21 1111              11113211111                 
        1243 1 3132 11 1111              13132111111                 
        1244 0 0000 03 1313                    31313                 
        1245 0 0000 03 1310                    31310                 
        1246 3 1313 13 1000              31313131000                 
        1247 2 2310 00 0000              22310000000                 
        1248 1 1100 00 0000              11100000000                 
        1249 2 1321 11 1111              21321111111                 
        1250 3 0022 22 2222              3  22222222                 
        1251 3 3333 33 3333              33333333333                 
        1252 3 3333 33 3333              33333333333                 
        1253 3 3333 33 3333              33333333333                 
        1254 3 3333 33 3333              33333333333                 
        1255 3 3333 33 3333              33333333333                 
        1256 3 3333 33 3333              33333333333                 
        1257 3 3333 33 3333              33333333333                 
        1258 3 3333 33 3333              33333333333                 
        1259 3 3333 33 3333              33333333333                 
   1049 1260 0 0000 00 0000        FO                                
        1261 0 0000 00 0000                                          
        1262 0 0000 00 0000                                          
        1263 0 0000 00 0000                                          
        1264 0 0000 00 0000                                          
        1265 0 0000 00 0000                                          
        1266 0 0000 00 0000                                          
        1267 0 0000 00 0000                                          
        1268 0 0000 00 0000                                          
        1269 1 1111 11 1000              11111111000                 
        1270 1 1111 11 1311              11111111311                 
        1271 1 1111 11 1311              11111111311                 
        1272 3 3311 20 0311              33311200311                 
        1273 3 3331 13 3333              33331133333                 
        1274 3 3311 23 3333              33311233333                 
        1275 1 1111 13 3333              11111133333                 
        1276 1 1110 03 1111              11110031111                 
        1277 2 2003 11 1111              22003111111                 
        1278 2 2333 33 3322              22333333322                 
        1279 2 2333 33 3333              22333333333                 
        1280 1 2333 33 3322              12333333322                 
        1281 1 1333 33 3331              11333333331                 
        1282 0 0311 11 1111                311111111                 
        1283 3 3333 33 3112              33333333112                 
        1284 3 1111 11 1111              31111111111                 
        1285 2 0022 00 2222              2  22002222                 
        1286 2 2200 20 0222              22200200222                 
        1287 2 2233 33 3112              22233333112                 
        1288 0 0031 11 1112                 31111112                 

                                                1967 START            SYMB. OP. TABLE
        1967 0 4343 42 5907               4343425907                     CCBR

                                                1980 START           
        1980 0 4359 44 0007               4359440007                     CRD

                                                1982 START           
        1982 0 4359 46 0007               4359460007                     CRF

                                                1985 START           
        1985 0 4359 49 0007               4359490007                     CRI

                                                2003 START           
        2003 0 5763 66 4607               5763664607                     PTWF

                                                2010 START           
        2010 0 4449 65 0007               4449650007                     DIV

                                                2069 START           
        2069 0 4364 42 5907               4364425907                     CUBR

                                                2090 START           
        2090 0 5459 44 0007               5459440007                     MRD

                                                2102 START           
        2102 0 5459 56 0007               5459560007                     MRO

                                                2112 START           
        2112 0 5459 66 0007               5459660007                     MRW

                                                2124 START           
        2124 0 4241 00 0007               4241000007                     BA

                                                2175 START           
        2175 0 4341 41 0007               4341410007                     CAA

                                                2178 START           
        2178 0 4341 44 0007               4341440007                     CAD

                                                2188 START           
        2188 0 4441 44 0007               4441440007                     DAD
        2189 0 6259 63 0007               6259630007                     SRT

                                                2208 START           
        2208 0 4641 44 0007               4641440007                     FAD

                                                2259 START           
        2259 0 4162 43 0007               4162430007                     ASC

                                                2277 START           
        2277 0 4362 41 0007               4362410007                     CSA

                                                2286 START           
        2286 0 4442 42 0007               4442420007                     DBB

                                                2294 START           
        2294 0 4942 00 0007               4942000007                     IB

                                                2300 START           
        2300 0 4362 64 0007               4362640007                     CSU

                                                2330 START           
        2330 0 4662 64 0007               4662640007                     FSU

                                                2344 START           
        2344 0 6441 00 0007               6441000007                     UA

                                                2377 START           
        2377 0 4343 42 0007               4343420007                     CCB

                                                2394 START           
        2394 0 4343 59 0007               4343590007                     CCR
        2395 0 4353 59 0007               4353590007                     CLR

                                                2405 START           
        2405 0 4349 59 4107               4349594107                     CIRA

                                                2410 START           
        2410 0 5662 44 0007               5662440007                     OSD
        2411 0 4263 84 0007               4263840007                     BT4
        2412 0 4263 85 0007               4263850007                     BT5
        2413 0 4263 86 0007               4263860007                     BT6
        2414 0 4263 87 0007               4263870007                     BT7

                                                2449 START           
        2449 0 4853 63 0007               4853630007                     HLT

                                                2456 START           
        2456 0 4144 41 0007               4144410007                     ADA

                                                2459 START           
        2459 0 4144 44 0007               4144440007                     ADD

                                                2464 START           
        2464 0 6263 41 5970               6263415970                     START

                                                2469 START           
        2469 0 6262 43 0007               6262430007                     SSC

                                                2479 START           
        2479 0 4364 42 0007               4364420007                     CUB

                                                2482 START           
        2482 0 4264 55 0007               4264550007                     BUN

                                                2496 START           
        2496 0 4364 59 0007               4364590007                     CUR

                                                2509 START           
        2509 0 5463 62 0007               5463620007                     MTS

                                                2529 START           
        2529 0 4644 65 0007               4644650007                     FDV
        2530 0 4654 64 0007               4654640007                     FMU

                                                2536 START           
        2536 0 5763 59 0007               5763590007                     PTR

                                                2543 START           
        2543 0 5763 66 0007               5763660007                     PTW

                                                2568 START           
        2568 0 6263 41 0007               6263410007                     STA

                                                2570 START           
        2570 0 6263 43 0007               6263430007                     STC

                                                2577 START           
        2577 0 5344 42 0007               5344420007                     LDB

                                                2589 START           
        2589 0 6253 63 0007               6253630007                     SLT

                                                2599 START           
        2599 0 4555 44 0007               4555440007                     END
        2600 0 5464 53 0007               5464530007                     MUL

                                                2605 START           
        2605 0 4355 69 0007               4355690007                     CNZ

                                                2668 START           
        2668 0 6264 41 0007               6264410007                     SUA
        2669 0 6264 42 0007               6264420007                     SUB

                                                2672 START           
        2672 0 4256 46 0007               4256460007                     BOF

                                                2683 START           
        2683 0 4366 46 0007               4366460007                     CWF

                                                2686 START           
        2686 0 4366 49 0007               4366490007                     CWI

                                                2696 START           
        2696 0 4366 59 0007               4366590007                     CWR

                                                2709 START           
        2709 0 4246 84 0007               4246840007                     BF4
        2710 0 4246 85 0007               4246850007                     BF5
        2711 0 4246 86 0007               4246860007                     BF6
        2712 0 4246 87 0007               4246870007                     BF7

                                                2740 START           
        2740 0 5955 44 0007               5955440007                     RND

                                                2812 START           
        2812 0 5456 66 0007               5456660007                     MOW

                                                2815 START           
        2815 0 5556 59 0007               5556590007                     NOR

                                                2820 START           
        2820 0 4567 63 0007               4567630007                     EXT

                                                2967 START            EQUIVALENTS.
        2967 0 0000 00 0039                       39                     CCBR

                                                2980 START           
        2980 0 0000 00 0044                       44                     CRD

                                                2982 START           
        2982 0 0000 00 0048                       48                     CRF

                                                2985 START           
        2985 0 0000 00 0045                       45                     CRI

                                                3003 START           
        3003 0 0000 00 0007                        7                     PTWF

                                                3010 START           
        3010 0 0000 00 0061                       61                     DIV

                                                3069 START           
        3069 0 0000 00 0031                       31                     CUBR

                                                3090 START           
        3090 0 0000 00 0040                       40                     MRD

                                                3102 START           
        3102 0 0000 00 0070                       70                     MRO

                                                3112 START           
        3112 0 0000 00 0052                       52                     MRW

                                                3124 START           
        3124 0 0000 00 0011                       11                     BA

                                                3175 START           
        3175 0 0000 00 0066                       66                     CAA

                                                3178 START           
        3178 0 0000 00 0064                       64                     CAD

                                                3188 START           
        3188 0 0000 00 0010                       10                     DAD
        3189 0 0000 00 0013                       13                     SRT

                                                3208 START           
        3208 0 0000 00 0080                       80                     FAD

                                                3259 START           
        3259 0 0000 00 0016                       16                     ASC

                                                3277 START           
        3277 0 0000 00 0067                       67                     CSA

                                                3286 START           
        3286 0 0000 00 0022                       22                     DBB

                                                3294 START           
        3294 0 0000 00 0032                       32                     IB

                                                3300 START           
        3300 0 0000 00 0065                       65                     CSU

                                                3330 START           
        3330 0 0000 00 0081                       81                     FSU

                                                3344 START           
        3344 0 0000 00 0006                        6                     UA

                                                3377 START           
        3377 0 0000 00 0038                       38                     CCB

                                                3394 START           
        3394 0 0000 00 0029                       29                     CCR
        3395 0 0000 00 0033                       33                     CLR

                                                3405 START           
        3405 0 0000 00 0001                        1                     CIRA

                                                3410 START           
        3410 0 0000 00 0073                       73                     OSD
        3411 0 0000 00 0034                       34                     BT4
        3412 0 0000 00 0035                       35                     BT5
        3413 0 0000 00 0036                       36                     BT6
        3414 0 0000 00 0037                       37                     BT7

                                                3449 START           
        3449 0 0000 00 0008                        8                     HLT

                                                3456 START           
        3456 0 0000 00 0076                       76                     ADA

                                                3459 START           
        3459 0 0000 00 0074                       74                     ADD

                                                3464 START           
        3464 0 0000 30 1102                          CUB   START         START

                                                3469 START           
        3469 0 0000 00 0017                       17                     SSC

                                                3479 START           
        3479 0 0000 00 0030                       30                     CUB

                                                3482 START           
        3482 0 0000 00 0020                       20                     BUN

                                                3496 START           
        3496 0 0000 00 0021                       21                     CUR

                                                3509 START           
        3509 0 0000 00 0042                       42                     MTS

                                                3529 START           
        3529 0 0000 00 0083                       83                     FDV
        3530 0 0000 00 0082                       82                     FMU

                                                3536 START           
        3536 0 0000 00 0000                                              PTR

                                                3543 START           
        3543 0 0000 00 0003                        3                     PTW

                                                3568 START           
        3568 0 0000 00 0012                       12                     STA

                                                3570 START           
        3570 0 0000 00 0002                        2                     STC

                                                3577 START           
        3577 0 0000 00 0072                       72                     LDB

                                                3589 START           
        3589 0 0000 00 0014                       14                     SLT

                                                3599 START           
        3599 0 0000 30 1188                          CUB   END           END
        3600 0 0000 00 0060                       60                     MUL

                                                3605 START           
        3605 0 0000 00 0004                        4                     CNZ

                                                3668 START           
        3668 0 0000 00 0077                       77                     SUA
        3669 0 0000 00 0075                       75                     SUB

                                                3672 START           
        3672 0 0000 00 0028                       28                     BOF

                                                3683 START           
        3683 0 0000 00 0058                       58                     CWF

                                                3686 START           
        3686 0 0000 00 0055                       55                     CWI

                                                3696 START           
        3696 0 0000 00 0054                       54                     CWR

                                                3709 START           
        3709 0 0000 00 0024                       24                     BF4
        3710 0 0000 00 0025                       25                     BF5
        3711 0 0000 00 0026                       26                     BF6
        3712 0 0000 00 0027                       27                     BF7

                                                3740 START           
        3740 0 0000 00 0023                       23                     RND

                                                3812 START           
        3812 0 0000 00 0050                       50                     MOW

                                                3815 START           
        3815 0 0000 00 0015                       15                     NOR

                                                3820 START           
        3820 0 0000 00 0063                       63                     EXT
                                                1500 END             
