 
 
  COMMENT LOOK HERE, COMPILER, THIS IS DADDY SPEAKING. BE A GOOD BOY$
 
  INTEGER I, J..., JB, K...     $
 
   ARRAY A%87¤, JB% 1 , 3 ¤, D%5¤     $
 
 PROCEDURE PETZNICK%X,A%¤¤$ BEGIN
                                                           0071  0 0001 30 0000
 
 ARRAY JB%3,1¤$
 
 INTEGER X,A, PETZNICK$
 
  SUBROUTINE KING$ BEGIN
                                                           0072  0 0001 30 0000
                                                           0073  0 0000 64 0000
                                                           0074  0 0000 02 0000
                                                           0075  0 0001 30 0000
 
  X#0$
 
  ENTER QUEEN$
                                                           0076  0 0000 02 0000
                                                           0077  0 0000 02 7077
                                                           0078  0 0004 12 0072
                                                           0079  0 0000 64 7081
                                                           0080  0 0005 30 0000
                                                           0081  0 0001 30 0082
 
  RETURN END$
                                                           0082  0 0001 20 0076
 
  SUBROUTINE QUEEN$ BEGIN
                                                           3999  0 0000 83 0082
                                                           0083  0 0000 08 1359
                                                           3998  0 0000 84 0075
                                                           0084  0 0001 30 0000
                                                           3997  0 0000 85 0080
 
  I#0$
 
  PETZNICK%¤#JB%A%X¤,1¤$
 
     RETURN END$
                                                           0085  0 0000 02 0000
                                                           0086  0 0000 02 7086
                                                           0087  0 0004 12 6019
                                                           0088  0 0000 64 0072
                                                           0089  0 0000 74 0073
                                                           0090  0 0000 02 4001
                                                           0091  0 0000 72 4001
                                                           0092  1 0000 64 0000
                                                           0093  0 0000 60 7100
                                                           0094  0 0000 14 0010
                                                           0095  0 0000 02 4001
                                                           0096  0 0000 72 4001
                                                           0097  1 0000 64 3901
                                                           0098  0 0000 72 7101
                                                           0099  0 0001 30 3877
                                                           0100  0 0000 00 0001
                                                           0101  0 0001 30 0102
                                                           0102  0 0001 20 0085
 
  UNTIL PCS%0¤$ BEGIN STOP  X$ X#X&1 END          $
                                                           3996  0 0001 03 0102
                                                           0103  0 0000 08 1359
                                                           3995  0 0001 04 0084
                                                           0104  0 0009 30 0000
                                                           0105  0 0001 30 0000
 
 ENTER KING$ RETURN END$
                                                           0106  0 0000 64 0072
                                                           0107  0 0000 08 0137
                                                           0108  0 0000 64 7112
                                                           0109  0 0000 74 0072
                                                           0110  0 0004 12 0072
                                                           0111  0 0001 30 0104
                                                           0112  0 0000 00 0001
                                                           3994  0 0001 13 0105
                                                           3993  0 0401 06 0104
                                                           0113  0 0000 64 7115
                                                           0114  0 0005 30 0076
                                                           0115  0 0001 30 0116
                                                           0116  0 0001 20 0074
 
PROCEDURE SPERONI%X,Y%¤,Z%,¤$A,B%¤,C%,¤$D,F%¤¤$ BEGIN STOP END$
                                                           3992  0 0001 17 0116
                                                           0117  0 0000 08 1359
                                                           3991  0 0001 18 0071
                                                           0118  0 0001 30 0000
 
PROCEDURE GUSTAFSON%   X  ,   A% ¤,B%,¤$ Y,C%,¤,D%¤$PTZNICK%  ¤,EVALUAT E¤$BEGIN
                                                           0119  0 0001 30 0000
                                                           0120  0 0005 30 0076
                                                           0121  0 0000 64 7132
                                                           0122  0 0000 74 0072
                                                           0123  0 0004 12 0072
                                                           0124  0 0001 30 0104
                                                           0125  0 0000 72 4001
                                                           0126  1 0000 64 0000
                                                           0127  0 0000 60 7132
                                                           0128  0 0000 14 0010
                                                           0129  0 0000 02 0131
                                                           0130  0 0000 08 0137
                                                           0131  0 0000 08 1359
                                                           3990  0 0001 32 0118
                                                           0132  0 0001 30 0000
 
E¤$BEGIN
 
  INTEGER X,Y,C,T$
 
  ENTER EVALUATE$
                                                           0133  0 0001 30 0000
                                                           0134  0 0005 30 0076
                                                           0135  0 0000 64 7146
                                                           0136  0 0000 74 0072
                                                           0137  0 0004 12 0072
                                                           0138  0 0001 30 0104
                                                           0139  0 0000 72 4001
                                                           0140  1 0000 64 0000
                                                           0141  0 0000 60 7146
                                                           0142  0 0000 14 0010
                                                           0143  0 0000 02 0000
                                                           0144  0 0000 64 7146
                                                           0145  0 0001 20 0142
                                                           0146  0 0001 30 0147
 
IF%X EQL T¤ AND%K NEQ 1¤OR NOT%NOT%K GEQ 1¤OR %PCS%0¤¤AND NOT%X*2GTR 1¤ ¤$
                                                           0147  0 0000 64 0133
                                                           0148  0 0000 75 6018
                                                           0149  0 0000 04 7151
                                                           0150  0 0001 30 0000
                                                           0151  0 0001 30 0000
                                                           0152  0 0000 64 6017
                                                           0153  0 0000 81 7157
                                                           0154  0 0000 04 7156
                                                           0155  0 0001 30 0000
                                                           0156  0 0001 30 0000
                                                           0157  0 5110 00 0000
                                                           3989  0 0401 52 0150
                                                           0158  0 0000 64 6017
                                                           0159  0 0000 74 7162
                                                           0160  0 0001 38 0000
                                                           0161  0 0001 30 0000
                                                           0162  0 4890 00 0000
                                                           0163  0 0009 30 0000
                                                           0164  0 0001 30 0000
 
¤$
                                                           0165  0 0000 64 0133
                                                           0166  0 0000 60 0133
                                                           0167  0 0000 14 0010
                                                           0168  0 0000 74 7171
                                                           0169  0 0001 38 0000
                                                           0170  0 0001 30 0000
                                                           0171  0 9999 99 9998
                                                           3988  0 0401 65 0164
                                                           3987  0 0401 63 0160
 
 UNTIL ABS%-ABS%B%X,T¤¤¤ LSS PETZNICK%A%X¤,A%¤¤$
                                                           3986  0 0401 58 0155
                                                           3985  0 0401 58 0151
 
GO TO BRADLEE$
                                                           0172  0 0000 64 0133
                                                           0173  0 0000 74 0134
                                                           0174  0 0000 02 4001
                                                           0175  0 0000 72 4001
                                                           0176  1 0000 64 0000
                                                           0177  0 0000 02 0072
                                                           0178  0 0000 64 0134
                                                           0179  0 0000 02 0073
                                                           0180  0 0000 64 7182
                                                           0181  0 0001 30 0074
                                                           0182  0 0001 30 0183
                                                           0183  0 0000 02 5017
                                                           0184  0 0000 65 5017
                                                           0185  0 0000 72 7187
                                                           0186  0 0001 30 3892
                                                           0187  0 0001 30 0188
                                                           0188  0 0000 02 5016
                                                           0189  0 0000 64 0136
                                                           0190  0 0000 60 0133
                                                           0191  0 0000 14 0010
                                                           0192  0 0000 74 6018
                                                           0193  0 0000 74 0135
                                                           0194  0 0000 02 4001
                                                           0195  0 0000 72 4001
                                                           0196  1 0000 66 0000
                                                           0197  0 0000 80 5016
                                                           0198  0 0000 74 7201
                                                           0199  0 0001 38 0000
                                                           0200  0 0001 30 0000
                                                           0201  1 9999 99 9999
                                                           0202  0 0005 30 0000
 
  STOP$
                                                           0203  0 0001 30 0172
                                                           3984  0 0402 02 0200
                                                           3983  0 0002 04 0199
                                                           3982  0 0002 04 0170
                                                           3981  0 0401 72 0169
                                                           3980  0 0401 72 0163
                                                           3979  0 0002 04 0161
                                                           3978  0 0401 72 0156
 
  FREAR..FOR T#1,1.0,%1,2,-X¤,%1,-2.2,X¤$
                                                           0204  0 0000 08 0137
                                                           0205  0 0000 64 7209
                                                           0206  0 0004 12 6018
                                                           0207  0 0000 64 7210
                                                           0208  0 0001 30 0000
                                                           0209  0 0000 00 0001
                                                           0210  0 0001 30 0211
                                                           0211  0 0000 64 7214
                                                           0212  0 0000 72 7215
                                                           0213  0 0001 30 3877
                                                           0214  0 5110 00 0000
                                                           0215  0 0001 30 0216
                                                           0216  0 0004 12 6018
                                                           0217  0 0000 64 7219
                                                           0218  0 0001 30 0208
                                                           0219  0 0001 30 0220
                                                           0220  0 0000 64 7223
                                                           0221  0 0004 12 6018
                                                           0222  0 0001 30 0000
                                                           0223  0 0000 00 0001
                                                           3977  0 0002 27 0222
                                                           0224  0 0000 64 7232
                                                           0225  0 0000 74 6018
                                                           0226  0 0004 12 6018
                                                           0227  0 0000 74 0133
                                                           0228  0 0000 74 7233
                                                           0229  0 0001 38 0000
                                                           0230  0 0000 64 7234
                                                           0231  0 0001 30 0218
                                                           0232  0 0000 00 0002
                                                           0233  0 9999 99 9999
                                                           0234  0 0001 30 0224
                                                           3976  0 0002 35 0229
                                                           0235  0 0000 64 7238
                                                           0236  0 0004 12 6018
                                                           0237  0 0001 30 0000
                                                           0238  0 0000 00 0001
                                                           0239  0 0000 64 6018
                                                           0240  0 0000 72 7242
                                                           0241  0 0001 30 3892
                                                           0242  0 0001 30 0243
                                                           0243  0 0000 81 7246
                                                           0244  0 0000 72 7247
                                                           0245  0 0001 30 3877
                                                           0246  0 5122 00 0000
                                                           0247  0 0001 30 0248
                                                           3975  0 0002 49 0237
 
    FOR T # %1,1,100¤$
                                                           0248  0 0004 12 6018
                                                           0249  0 0000 75 0133
                                                           0250  0 0000 74 7254
                                                           0251  0 0001 38 0000
                                                           0252  0 0000 64 7255
                                                           0253  0 0001 30 0231
                                                           0254  1 9999 99 9999
                                                           0255  0 0001 30 0239
                                                           3974  0 0002 56 0251
                                                           0256  0 0001 30 0000
                                                           3973  0 0002 57 0253
                                                           0257  0 0000 02 0000
                                                           0258  0 0000 64 7261
                                                           0259  0 0004 12 6018
                                                           0260  0 0001 30 0000
                                                           0261  0 0000 00 0001
                                                           3972  0 0002 65 0260
 
     FOR W#83$ BEGIN
                                                           0262  0 0000 64 7269
                                                           0263  0 0000 74 6018
                                                           0264  0 0004 12 6018
                                                           0265  0 0000 74 7270
                                                           0266  0 0001 38 0000
                                                           0267  0 0000 64 7271
                                                           0268  0 0001 30 0000
                                                           0269  0 0000 00 0001
                                                           0270  0 9999 99 9899
                                                           0271  0 0001 30 0262
                                                           3971  0 0002 72 0266
                                                           0272  0 0001 30 0000
                                                           3970  0 0002 73 0268
 
C%W,W¤#K$
                                                           0273  0 0000 02 0000
                                                           0274  0 0000 64 7278
                                                           0275  0 0004 12 6016
                                                           0276  0 0000 64 7279
                                                           0277  0 0001 30 0000
                                                           0278  0 5283 00 0000
                                                           0279  0 0001 30 0280
                                                           0280  0 0001 30 0000
                                                           3969  0 0002 81 0277
 
IF X GTR -1$ GO TO BRADLEE$
                                                           0281  0 0000 02 0000
                                                           0282  0 0000 64 6017
                                                           0283  0 0000 72 7285
                                                           0284  0 0001 30 3877
                                                           0285  0 0001 30 0286
                                                           0286  0 0000 02 5017
                                                           0287  0 0000 64 0139
                                                           0288  0 0000 72 7290
                                                           0289  0 0001 30 3892
                                                           0290  0 0001 30 0291
                                                           0291  0 0000 82 6016
                                                           0292  0 0000 80 6016
                                                           0293  0 0000 80 7303
                                                           0294  0 0000 74 0138
                                                           0295  0 0000 02 4001
                                                           0296  0 0000 72 4001
                                                           0297  0 0000 64 5017
                                                           0298  1 0004 12 0000
                                                           0299  0 0000 64 0133
                                                           0300  0 0000 74 7304
                                                           0301  0 0001 38 0000
                                                           0302  0 0001 30 0000
                                                           0303  0 5810 00 0000
                                                           0304  1 9999 99 9999
                                                           0305  0 0005 30 0202
 
SWITCH T,%BRADLEE,EVALUATE,FREAR¤$ RETURN$
                                                           3968  0 0403 05 0302
                                                           3967  0 0003 06 0301
                                                           0306  0 0000 72 6018
                                                           0307  1 0001 20 0308
                                                           0308  0 0001 30 0000
                                                           0309  0 0005 30 0305
                                                           0310  0 0001 20 0142
                                                           0311  0 0005 30 0205
                                                           3966  0 0003 12 0308
 
 FOR M#%3¤%3¤,%MOD%X,X¤,-MOD%X,X¤,MOD%X&1,X&1¤¤,M%3¤$M#M&1 END$
                                                           0312  0 0001 20 0143
                                                           0313  0 0000 64 7318
                                                           0314  0 0000 60 7319
                                                           0315  0 0000 14 0010
                                                           0316  0 0000 72 7320
                                                           0317  0 0001 30 3892
                                                           0318  0 0000 00 0003
                                                           0319  0 0000 00 0003
                                                           0320  0 0001 30 0321
                                                           0321  0 0004 12 6015
                                                           0322  0 0000 64 7324
                                                           0323  0 0001 30 0000
                                                           0324  0 0001 30 0325
                                                           0325  0 0000 64 0133
                                                           0326  0 0000 13 0010
                                                           0327  0 0000 61 0133
                                                           0328  0 0000 14 0010
                                                           0329  0 0000 72 7331
                                                           0330  0 0001 30 3892
                                                           0331  0 0001 30 0332
                                                           0332  0 0004 12 6015
                                                           0333  0 0001 30 0000
                                                           0334  0 0000 64 0133
                                                           0335  0 0000 13 0010
                                                           0336  0 0000 61 0133
                                                           0337  0 0000 14 0010
                                                           0338  0 0000 02 5017
                                                           0339  0 0000 65 5017
                                                           0340  0 0000 72 7342
                                                           0341  0 0001 30 3892
                                                           0342  0 0001 30 0343
                                                           3965  0 0003 45 0333
                                                           0343  0 0000 80 6015
                                                           0344  0 0004 12 6015
                                                           0345  0 0000 02 5017
                                                           0346  0 0000 64 7360
                                                           0347  0 0000 74 0133
                                                           0348  0 0000 02 5016
                                                           0349  0 0000 64 7361
                                                           0350  0 0000 74 0133
                                                           0351  0 0000 02 5015
                                                           0352  0 0000 64 5016
                                                           0353  0 0000 13 0010
                                                           0354  0 0000 61 5015
                                                           0355  0 0000 14 0010
                                                           0356  0 0000 02 5016
                                                           0357  0 0000 65 5016
                                                           0358  0 0000 72 7362
                                                           0359  0 0001 30 3892
                                                           0360  0 0000 00 0001
                                                           0361  0 0000 00 0001
                                                           0362  0 0001 30 0363
                                                           0363  0 0000 02 5015
                                                           0364  0 0000 64 5017
                                                           0365  0 0000 80 5015
                                                           0366  0 0000 74 7370
                                                           0367  0 0001 38 0000
                                                           0368  0 0000 64 7371
                                                           0369  0 0001 30 0323
                                                           0370  1 9999 99 9999
                                                           0371  0 0001 30 0334
                                                           3964  0 0003 72 0367
                                                           0372  0 0000 64 7377
                                                           0373  0 0000 82 6015
                                                           0374  0 0004 12 6015
                                                           0375  0 0000 64 7378
                                                           0376  0 0001 30 0369
                                                           0377  0 5130 00 0000
                                                           0378  0 0001 30 0379
                                                           0379  0 0001 30 0000
                                                           3963  0 0003 80 0376
                                                           0380  0 0000 02 7384
                                                           0381  0 0000 64 7385
                                                           0382  0 0000 80 6015
                                                           0383  0 0004 12 6015
                                                           0384  0 0000 08 1359
                                                           0385  0 5110 00 0000
                                                           3962  0 0003 86 0379
 
BRADLEE.. Y#%W&ABS%W¤¤%2ABS%W¤3-T¤%3ABS%W¤*ABS%T¤¤/-A%ABS%B%X,ABS%W¤¤¤¤ &ABS%MOD
                                                           3961  0 0003 86 0281
                                                           0386  0 0000 08 1359
                                                           3960  0 0003 87 0280
                                                           3959  0 0003 87 0273
                                                           0387  0 0000 08 1359
                                                           3958  0 0003 88 0272
                                                           3957  0 0003 88 0257
                                                           0388  0 0000 08 1359
                                                           3956  0 0003 89 0256
                                                           3955  0 0003 89 0309
                                                           0389  0 0000 66 6016
                                                           0390  0 0000 80 6016
                                                           0391  0 0000 02 5017
                                                           0392  0 0000 64 7399
                                                           0393  0 0000 92 6016
                                                           0394  0 0000 82 7400
                                                           0395  0 0000 02 5016
                                                           0396  0 0000 65 6018
                                                           0397  0 0000 72 7401
                                                           0398  0 0001 30 3892
                                                           0399  0 5130 00 0000
                                                           0400  0 5120 00 0000
                                                           0401  0 0001 30 0402
                                                           0402  0 0000 80 5016
                                                           0403  0 0000 02 5016
                                                           0404  0 0000 66 6018
                                                           0405  0 0000 72 7407
                                                           0406  0 0001 30 3892
                                                           0407  0 0001 30 0408
                                                           0408  0 0000 02 4000
                                                           0409  0 0000 66 6016
                                                           0410  0 0000 72 7412
                                                           0411  0 0001 30 3735
                                                           0412  0 0001 30 0413
 
&ABS%MOD%X,ABS%Y¤¤¤$
                                                           0413  0 0000 82 7422
                                                           0414  0 0000 82 5016
                                                           0415  0 0000 82 5017
                                                           0416  0 0000 02 5017
                                                           0417  0 0000 64 0136
                                                           0418  0 0000 60 0133
                                                           0419  0 0000 14 0010
                                                           0420  0 0000 72 7423
                                                           0421  0 0001 30 3892
                                                           0422  0 5130 00 0000
                                                           0423  0 0001 30 0424
                                                           0424  0 0000 90 6016
                                                           0425  0 0000 80 7442
                                                           0426  0 0000 74 0135
                                                           0427  0 0000 02 4001
                                                           0428  0 0000 72 4001
                                                           0429  1 0000 66 0000
                                                           0430  0 0000 80 7443
                                                           0431  0 0000 74 0134
                                                           0432  0 0000 02 4001
                                                           0433  0 0000 72 4001
                                                           0434  1 0000 65 0000
                                                           0435  0 0000 02 5015
                                                           0436  0 0000 64 5017
                                                           0437  0 0000 33 0010
                                                           0438  0 0000 83 5015
                                                           0439  0 0000 02 5017
                                                           0440  0 0000 72 0137
                                                           0441  0 0001 30 0444
                                                           0442  0 5810 00 0000
                                                           0443  0 5810 00 0000
 
GO BRADLEE$
                                                           0444  1 0000 66 0000
                                                           0445  0 0000 02 5016
                                                           0446  0 0000 64 0133
                                                           0447  0 0000 13 0010
                                                           0448  0 0000 61 5016
                                                           0449  0 0000 14 0010
                                                           0450  0 0000 02 5016
                                                           0451  0 0000 66 5016
                                                           0452  0 0000 72 7454
                                                           0453  0 0001 30 3892
                                                           0454  0 0001 30 0455
                                                           0455  0 0000 80 5017
                                                           0456  0 0000 72 7458
                                                           0457  0 0001 30 3877
                                                           0458  0 0001 30 0459
                                                           0459  0 0000 02 5016
                                                           0460  0 0000 72 0137
                                                           0461  0 0000 64 5016
                                                           0462  1 0004 12 0000
                                                           0463  0 0005 30 0389
 
READ%$$FELL¤$
                                                           0464  0 0000 64 7466
                                                           0465  0 0000 20 7467
                                                           0466  0 0005 30 0000
                                                           0467  0 0000 02 3609
                                                           0468  0 0000 64 7470
                                                           0469  0 0001 30 3610
                                                           0470  0 0001 30 0471
 
INPUT FELL%X,C%I,2I¤,D%1¤,T¤$
                                                           0471  0 0001 30 0000
                                                           3954  0 0004 72 0466
                                                           0472  0 0000 72 7474
                                                           0473  0 0001 20 0070
                                                           0474  0 0001 30 0475
                                                           0475  0 0004 12 0133
                                                           0476  0 0000 64 6014
                                                           0477  0 0000 82 7481
                                                           0478  0 0000 02 5017
                                                           0479  0 0000 72 7482
                                                           0480  0 0001 20 0070
                                                           0481  0 5120 00 0000
                                                           0482  0 0001 30 0483
                                                           0483  0 0000 02 5016
                                                           0484  0 0000 64 0139
                                                           0485  0 0000 72 7487
                                                           0486  0 0001 30 3892
                                                           0487  0 0001 30 0488
                                                           0488  0 0000 82 6014
                                                           0489  0 0000 80 5017
                                                           0490  0 0000 80 7498
                                                           0491  0 0000 74 0138
                                                           0492  0 0000 02 4001
                                                           0493  0 0000 72 4001
                                                           0494  0 0000 64 5016
                                                           0495  1 0004 12 0000
                                                           0496  0 0000 72 7499
                                                           0497  0 0001 20 0070
                                                           0498  0 5810 00 0000
                                                           0499  0 0001 30 0500
 
OUTPUT ALANEN%SIN%COS%LOG%ARCTAN%SIN%MOD%X,ABS%X¤¤3.EXP%W¤¤¤ ¤¤¤,SQRT%
                                                           0500  0 0000 02 5017
                                                           0501  0 0000 72 0140
                                                           0502  0 0000 64 5017
                                                           0503  1 0004 12 0001
                                                           0504  0 0000 72 7506
                                                           0505  0 0001 20 0070
                                                           0506  0 0001 30 0507
                                                           0507  0 0004 12 6018
                                                           0508  0 0000 64 7508
                                                           0509  0 0000 01 0004
                                                           0510  0 0001 20 0070
                                                           3953  0 0005 11 0471
                                                           0511  0 0001 30 0000
                                                           0512  0 0000 64 0133
                                                           0513  0 0000 02 5017
                                                           0514  0 0000 66 0133
                                                           0515  0 0000 02 5016
                                                           0516  0 0000 64 5017
                                                           0517  0 0000 13 0010
                                                           0518  0 0000 61 5016
                                                           0519  0 0000 14 0010
                                                           0520  0 0000 02 5017
                                                           0521  0 0000 64 6016
                                                           0522  0 0000 72 7524
                                                           0523  0 0001 30 3788
                                                           0524  0 0001 30 0525
                                                           0525  0 0000 82 7530
                                                           0526  0 0000 02 5016
                                                           0527  0 0000 64 5017
                                                           0528  0 0000 72 7531
                                                           0529  0 0001 30 3892
                                                           0530  0 5130 00 0000
                                                           0531  0 0001 30 0532
                                                           0532  0 0000 82 5016
                                                           0533  0 0000 72 7535
                                                           0534  0 0001 30 3526
                                                           0535  0 0001 30 0536
                                                           0536  0 0000 72 7538
                                                           0537  0 0001 30 3556
                                                           0538  0 0001 30 0539
                                                           0539  0 0000 72 7541
                                                           0540  0 0001 30 3740
                                                           0541  0 0001 30 0542
                                                           0542  0 0000 72 7544
                                                           0543  0 0001 30 3525
                                                           0544  0 0001 30 0545
                                                           0545  0 0000 72 7547
                                                           0546  0 0001 30 3526
                                                           0547  0 0001 30 0548
                                                           0548  0 0000 72 7550
                                                           0549  0 0001 20 0070
                                                           0550  0 0001 30 0551
 
PTZNICK%I,J,SIN%I¤¤¤¤$
                                                           0551  0 0000 64 6014
                                                           0552  0 0000 72 0141
                                                           0553  1 0000 02 0000
                                                           0554  0 0000 64 6013
                                                           0555  1 0000 02 0001
                                                           0556  0 0000 64 6014
                                                           0557  0 0000 72 7559
                                                           0558  0 0001 30 3526
                                                           0559  0 0001 30 0560
                                                           0560  0 0000 72 0141
                                                           0561  1 0000 02 0002
                                                           0562  0 0000 64 7564
                                                           0563  1 0001 30 0003
                                                           0564  0 0001 30 0565
                                                           0565  0 0000 72 7567
                                                           0566  0 0001 30 3499
                                                           0567  0 0001 30 0568
 
FORMAT OPASKAR%*2% ¤*, T¤$
                                                           0568  0 0000 72 7570
                                                           0569  0 0001 20 0070
                                                           0570  0 0001 30 0571
                                                           0571  0 0000 64 7571
                                                           0572  0 0000 01 0004
                                                           0573  0 0001 20 0070
                                                           3952  0 0005 74 0511
                                                           0574  0 0001 30 0000
                                                           0575  0 0682 24 0004
                                                           0576  0 1408 63 0963
 
WRITE%$$ALANEN,OPASKAR¤$
                                                           3951  0 0005 77 0574
                                                           0577  0 0000 64 7579
                                                           0578  0 0000 20 7580
                                                           0579  0 0005 30 0512
                                                           0580  0 0000 02 3185
                                                           0581  0 0000 64 7583
                                                           0582  0 0000 20 7584
                                                           0583  0 0005 30 0575
                                                           0584  0 0000 02 3186
                                                           0585  0 0000 64 7587
                                                           0586  0 0001 30 3187
                                                           0587  0 0001 30 0588
 
SPERONI%X,A%¤,B%,¤$Y,D%¤,C%,¤$EVALUATE,PTZNICK%¤¤ END$
                                                           0588  0 0000 64 0133
                                                           0589  0 0000 02 0119
                                                           0590  0 0000 64 0134
                                                           0591  0 0000 02 0120
                                                           0592  0 0000 64 0135
                                                           0593  0 0000 02 0121
                                                           0594  0 0000 64 0136
                                                           0595  0 0000 02 0122
                                                           0596  0 0000 64 0137
                                                           0597  0 0000 02 0123
                                                           0598  0 0000 64 0140
                                                           0599  0 0000 02 0124
                                                           0600  0 0000 64 0138
                                                           0601  0 0000 02 0125
                                                           0602  0 0000 64 0139
                                                           0603  0 0000 02 0126
                                                           0604  0 0000 64 7606
                                                           0605  0 0000 20 7607
                                                           0606  0 0001 20 0142
                                                           0607  0 0001 30 0608
                                                           0608  0 0000 02 0127
                                                           0609  0 0000 64 0000
                                                           0610  0 0000 02 0128
                                                           0611  0 0000 64 7613
                                                           0612  0 0001 30 0129
                                                           0613  0 0001 30 0614
 
GUSTAFSON%3X,A%¤,JB%,¤$X , JB%,¤, D% ¤$ PETZNICK%¤,EVALUATE¤$
                                                           3950  0 0006 14 0312
                                                           0614  0 0000 08 1359
                                                           3949  0 0006 15 0132
                                                           0615  0 0000 64 6012
                                                           0616  0 0000 82 7629
                                                           0617  0 0000 02 0133
                                                           0618  0 0000 64 7630
                                                           0619  0 0000 02 0134
                                                           0620  0 0000 64 7631
                                                           0621  0 0000 02 0135
                                                           0622  0 0000 64 7632
                                                           0623  0 0000 02 0136
                                                           0624  0 0000 64 7633
                                                           0625  0 0000 02 0137
                                                           0626  0 0000 64 7634
                                                           0627  0 0000 02 0138
                                                           0628  0 0001 30 0635
                                                           0629  0 5130 00 0000
                                                           0630  0 0000 00 3912
                                                           0631  0 0000 00 3906
                                                           0632  0 0000 00 0003
                                                           0633  0 0000 00 6012
                                                           0634  0 0000 00 3906
                                                           0635  0 0000 64 7647
                                                           0636  0 0000 02 0139
                                                           0637  0 0000 64 7648
                                                           0638  0 0000 02 0140
                                                           0639  0 0000 64 7649
                                                           0640  0 0000 02 0141
                                                           0641  0 0000 64 7643
                                                           0642  0 0000 20 7644
                                                           0643  0 0005 30 0000
                                                           0644  0 0000 02 0142
                                                           0645  0 0000 64 7650
                                                           0646  0 0001 30 0143
                                                           0647  0 0000 00 0003
                                                           0648  0 0000 00 3904
                                                           0649  0 0000 00 0072
                                                           0650  0 0001 30 0651
 
EVALUATE..SWITCH 5.K,%EVALUATE¤$
                                                           3948  0 0006 51 0643
                                                           0651  0 0000 64 6011
                                                           0652  0 0000 60 7657
                                                           0653  0 0000 14 0010
                                                           0654  0 0000 02 4001
                                                           0655  0 0000 72 4001
                                                           0656  1 0001 20 0658
                                                           0657  0 0000 00 0005
                                                           0658  0 0001 30 0000
                                                           0659  0 0005 30 0651
                                                           3947  0 0006 60 0658
 
IF PCS%0¤$ JB%1,1¤#%1.0**-32¤%1**&32¤%1*-JB%1,1**2¤¤$
                                                           0660  0 0009 30 0000
                                                           0661  0 0001 30 0000
                                                           0662  0 0000 64 7671
                                                           0663  0 0000 80 7672
                                                           0664  0 0000 02 4001
                                                           0665  0 0000 72 4001
                                                           0666  1 0000 65 3909
                                                           0667  0 0000 02 4000
                                                           0668  0 0000 64 7673
                                                           0669  0 0000 72 7674
                                                           0670  0 0001 30 3844
                                                           0671  0 5310 00 0000
                                                           0672  0 5810 00 0000
                                                           0673  0 0000 00 0001
                                                           0674  0 0001 30 0675
 
FINISH$
                                                           0675  0 0000 72 7677
                                                           0676  0 0001 30 3892
                                                           0677  0 0001 30 0678
                                                           0678  0 0000 82 7682
                                                           0679  0 0000 82 7683
                                                           0680  0 0000 72 7684
                                                           0681  0 0001 30 3877
                                                           0682  0 8310 00 0000
                                                           0683  0 1910 00 0000
                                                           0684  0 0001 30 0685
                                                           3946  0 0406 62 0661
                                                           3945  0 0006 88 0660
                                                           0685  0 0000 02 5010
                                                           0686  0 0000 64 5010
                                                           0687  0 0004 12 3910
                                                           0688  0 0001 30 0689
