
     BURROUGHS ALGEBRAIC COMPILER - 205 VERSION - JUNE 24, 1961
 
X#40$
 
Y#50$
 
Z#60$
 
COMMENT HERE IS SOME COMPLICATED STUFF$
 
X1#X & Y & 3.14.X & 7.98/Z & %X-Y¤.%X&Z¤$
                                                           0071  0 0000 64 7086
                                                           0072  0 0004 12 6019
                                                           0073  0 0000 64 7087
                                                           0074  0 0004 12 6018
                                                           0075  0 0000 64 7088
                                                           0076  0 0004 12 6017
                                                           0077  0 0000 64 6019
                                                           0078  0 0000 82 7089
                                                           0079  0 0000 02 5019
                                                           0080  0 0000 64 7090
                                                           0081  0 0000 33 0010
                                                           0082  0 0000 83 6017
                                                           0083  0 0000 02 5018
                                                           0084  0 0000 65 6018
                                                           0085  0 0001 30 0091
                                                           0086  0 5240 00 0000
                                                           0087  0 5250 00 0000
                                                           0088  0 5260 00 0000
                                                           0089  0 5131 40 0000
                                                           0090  0 5179 80 0000
 
X2#X-Y$
 
X3#X.Y$
 
X4#X/Z$
 
STOP$
                                                           0091  0 0000 80 6019
                                                           0092  0 0000 02 5017
                                                           0093  0 0000 64 6017
                                                           0094  0 0000 80 6019
                                                           0095  0 0000 82 5017
                                                           0096  0 0000 80 5018
                                                           0097  0 0000 80 5019
                                                           0098  0 0000 80 6018
                                                           0099  0 0000 80 6019
                                                           0100  0 0004 12 6016
                                                           0101  0 0000 65 6018
                                                           0102  0 0000 80 6019
                                                           0103  0 0004 12 6015
                                                           0104  0 0000 64 6018
                                                           0105  0 0000 82 6019
                                                           0106  0 0004 12 6014
                                                           0107  0 0000 64 6019
                                                           0108  0 0000 33 0010
                                                           0109  0 0000 83 6017
                                                           0110  0 0001 30 0111
 
FINISH$
                                                           0111  0 0004 12 6013
                                                           0112  0 0000 08 0137
                                                           0113  0 0000 08 0969
                                                           5980  0 0000 00 0000
                                                           5981  0 0000 00 0000
                                                           5982  0 0000 00 0000
                                                           5983  0 0000 00 0000
                                                           5984  1 1100 00 0000
                                                           5985  1 1131 11 1111
                                                           5986  1 1131 11 1111
                                                           5987  1 1131 11 1111
                                                           5988  1 1131 11 1111
                                                           5989  1 1131 11 1111
                                                           5990  1 1131 11 1111
                                                           5991  1 1131 11 1111
                                                           5992  1 1131 11 1111
                                                           5993  1 1131 11 1111
                                                           5994  1 1131 11 1111
                                                           5995  1 1131 11 1111
                                                           5996  1 1131 11 1111
                                                           5997  1 1131 11 1111
                                                           5998  1 1131 11 1111
                                                           5999  1 1131 11 1111
                                                           6000  1 1131 11 1111
                                                           6001  1 1131 11 1111
                                                           6002  1 1131 11 1111
                                                           6003  1 1131 11 1111
                                                           6004  1 1131 11 1111
                                                           6005  1 1131 11 1111
                                                           6006  1 1131 11 1111
                                                           6007  1 1131 11 1111
                                                           6008  1 1131 11 1111
                                                           7011  0 0001 20 7015
                                                           5980  1 1133 33 3333
                                                           5981  1 1101 11 1111
                                                           5982  1 1101 11 1111
                                                           5983  1 1101 11 1111
                                                           5984  1 1101 11 1111
                                                           5985  1 1101 11 1111
                                                           5986  1 1101 11 1111
                                                           5987  1 1101 11 1111
                                                           5988  1 1101 11 1111
                                                           5989  1 1101 11 1111
                                                           5990  1 1101 11 1111
                                                           5991  1 1101 11 1111
                                                           5992  1 1101 11 1111
                                                           5993  1 1101 11 1111
                                                           5994  1 1101 11 1111
                                                           5995  0 3301 11 1111
                                                           5996  0 3333 33 3333
                                                           5997  0 3333 33 3333
                                                           5998  0 3333 33 3333
                                                           5999  0 3333 33 3333
                                                           6000  0 3333 33 3333
                                                           6001  0 3333 33 3333
                                                           6002  0 3333 33 3333
                                                           6003  0 3333 33 3333
                                                           6004  0 3333 33 3333
                                                           6005  0 3333 33 3333
                                                           6006  0 3333 33 3333
                                                           6007  0 3333 33 3333
                                                           6008  0 3333 33 3333
                                                           7011  0 0001 20 7013
                                                           0060  1 0000 00 0000
                                                           0061  0 0000 11 0000
                                                           0062  0 0000 08 7070
                                                           0063  0 0000 03 5810
                                                           0064  0 0000 64 4001
                                                           0065  0 0000 03 8010
                                                           0066  0 0000 72 4002
                                                           0067  0 0000 08 7270
                                                           0068  0 0000 03 8010
                                                           0069  1 0003 30 0000
                                                           5000  0 0000 64 5004
                                                           5001  0 0000 74 5018
                                                           5002  0 0000 28 7017
                                                           5003  0 0000 12 5004
                                                           5004  0 9990 64 3999
                                                           5005  0 0000 12 6000
                                                           5006  0 0000 14 0002
                                                           5007  0 0000 13 0006
                                                           5008  0 0000 12 6001
                                                           5009  0 0000 72 6000
                                                           5010  0 0000 22 5012
                                                           5011  0 0000 20 5000
                                                           5012  1 0000 64 0001
                                                           5013  0 0000 12 6000
                                                           5014  0 0000 63 5019
                                                           5015  0 0000 74 6001
                                                           5016  1 0000 12 0001
                                                           5017  0 0000 20 5009
                                                           5018  0 0010 00 0001
                                                           5019  0 1111 11 0000
                                                           7011  0 0001 20 5000
                                                           7011  0 0007 30 0071
